==== 2026-07-26 23:07:35 ====
Image: C:\xampp\htdocs\ScannerEncoding/uploads/documents/doc_20260726_230601_fdc9ee17e8eb.jpg
Confidence: 92.4
--- Raw text (line by line) ---
REPUBLIKA NG PILIPINAS
Republic of the Philippines
PAMBANSANG PAGKAKAKILANLAN
5413-5073-8453-1285
APELYIDO/LAST NAME
PAÑOSO
MGA PANGALAN/GIVEN NAMES
ANGEL MAE
GITNANG APELYIDO/MIDDLE NAME
BUENAVENTURA
PETSA NG KAPANGANAKAN/DATE OF BIRTH
DIGITAL ID NUMB..
UN 205
Y7
SRARES
PHd
RES
--- Words with confidence ---
  [100%] REPUBLIKA NG PILIPINAS
  [100%] Republic of the Philippines
  [99.9%] PAMBANSANG PAGKAKAKILANLAN
  [100%] 5413-5073-8453-1285
  [99.4%] APELYIDO/LAST NAME
  [99.9%] PAÑOSO
  [99.1%] MGA PANGALAN/GIVEN NAMES
  [99.5%] ANGEL MAE
  [99.9%] GITNANG APELYIDO/MIDDLE NAME
  [100%] BUENAVENTURA
  [99.3%] PETSA NG KAPANGANAKAN/DATE OF BIRTH
  [95%] DIGITAL ID NUMB..
  [77.3%] UN 205
  [88.4%] Y7
  [61.3%] SRARES
  [83.4%] PHd
  [69.2%] RES

==== 2026-07-26 23:13:08 ====
Image: C:\xampp\htdocs\ScannerEncoding/uploads/documents/doc_20260726_231135_2d1b6367eb22.jpg
Confidence: 92.4
--- Raw text (line by line) ---
REPUBLIKA NG PILIPINAS
Republic of the Philippines
PAMBANSANG PAGKAKAKILANLAN
5413-5073-8453-1285
APELYIDO/LAST NAME
PAÑOSO
MGA PANGALAN/GIVEN NAMES
ANGEL MAE
GITNANG APELYIDO/MIDDLE NAME
BUENAVENTURA
PETSA NG KAPANGANAKAN/DATE OF BIRTH
DIGITAL ID NUMB..
UN 205
Y7
SRARES
PHd
RES
--- Words with confidence ---
  [100%] REPUBLIKA NG PILIPINAS
  [100%] Republic of the Philippines
  [99.9%] PAMBANSANG PAGKAKAKILANLAN
  [100%] 5413-5073-8453-1285
  [99.4%] APELYIDO/LAST NAME
  [99.9%] PAÑOSO
  [99.1%] MGA PANGALAN/GIVEN NAMES
  [99.5%] ANGEL MAE
  [99.9%] GITNANG APELYIDO/MIDDLE NAME
  [100%] BUENAVENTURA
  [99.3%] PETSA NG KAPANGANAKAN/DATE OF BIRTH
  [95%] DIGITAL ID NUMB..
  [77.3%] UN 205
  [88.4%] Y7
  [61.3%] SRARES
  [83.4%] PHd
  [69.2%] RES

==== 2026-07-26 23:19:09 ====
Image: C:\xampp\htdocs\ScannerEncoding/uploads/documents/doc_20260726_231737_83ab83050c2a.jpg
Confidence: 92.4
--- Raw text (line by line) ---
REPUBLIKA NG PILIPINAS
Republic of the Philippines
PAMBANSANG PAGKAKAKILANLAN
5413-5073-8453-1285
APELYIDO/LAST NAME
PAÑOSO
MGA PANGALAN/GIVEN NAMES
ANGEL MAE
GITNANG APELYIDO/MIDDLE NAME
BUENAVENTURA
PETSA NG KAPANGANAKAN/DATE OF BIRTH
DIGITAL ID NUMB..
UN 205
Y7
SRARES
PHd
RES
--- Words with confidence ---
  [100%] REPUBLIKA NG PILIPINAS
  [100%] Republic of the Philippines
  [99.9%] PAMBANSANG PAGKAKAKILANLAN
  [100%] 5413-5073-8453-1285
  [99.4%] APELYIDO/LAST NAME
  [99.9%] PAÑOSO
  [99.1%] MGA PANGALAN/GIVEN NAMES
  [99.5%] ANGEL MAE
  [99.9%] GITNANG APELYIDO/MIDDLE NAME
  [100%] BUENAVENTURA
  [99.3%] PETSA NG KAPANGANAKAN/DATE OF BIRTH
  [95%] DIGITAL ID NUMB..
  [77.3%] UN 205
  [88.4%] Y7
  [61.3%] SRARES
  [83.4%] PHd
  [69.2%] RES

